
> sundarban-eco-trails@0.1.0 build
> next build

Γû▓ Next.js 16.1.6 (Turbopack)

  Creating an optimized production build ...
Γ£ô Compiled successfully in 13.0s
  Running TypeScript ...
node.exe : Failed to compile.
At C:\Program Files\nodejs\npm.ps1:29 char:3
+   & $NODE_EXE $NPM_CLI_JS $args
+   ~~~~~~~~~~~~~~~~~~~~~~~~~~~~~
    + CategoryInfo          : NotSpecified: 
    (Failed to compile.:String) [], Remote  
  Exception
    + FullyQualifiedErrorId : NativeCommand 
   Error
 

./src/app/gallery/page.tsx:28:34
Type error: Type '{ src: string; alt: 
string; }[]' is not assignable to type 
'ImageProps[]'.
  Property 'span' is missing in type '{ 
src: string; alt: string; }' but required 
in type 'ImageProps'.

[0m [90m 26 |[39m             
[33m<[39m[33msection[39m 
className[33m=[39m[32m"py-24 bg-white 
relative -mt-10 rounded-t-[3rem] 
z-30"[39m[33m>[39m
 [90m 27 |[39m                 
[33m<[39m[33mdiv[39m 
className[33m=[39m[32m"container mx-auto 
px-4 sm:px-6 lg:px-8"[39m[33m>[39m
[31m[1m>[22m[39m[90m 28 |[39m         
            
[33m<[39m[33mGalleryGrid[39m 
images[33m=[39m{galleryImages} 
[33m/[39m[33m>[39m
 [90m    |[39m                            
      [31m[1m^[22m[39m
 [90m 29 |[39m                 [33m<[39m
[33m/[39m[33mdiv[39m[33m>[39m
 [90m 30 |[39m             [33m<[39m[33
m/[39m[33msection[39m[33m>[39m
 [90m 31 |[39m[0m
Next.js build worker exited with code: 1 
and signal: null
